// Jest Snapshot v1, https://goo.gl/fbAQLP

exports[`Logout Confirmation Dialog should compile 1`] = `
<ng-component>
  <h2
    class="mat-dialog-title"
    id="mat-dialog-title-0"
    mat-dialog-title=""
  >
    Logout
  </h2><mat-dialog-content
    class="mat-dialog-content"
  >
    Are you sure you want to logout?
  </mat-dialog-content><mat-dialog-actions
    class="mat-dialog-actions"
  >
    <button
      mat-button=""
      type="button"
    >
      Cancel
    </button>
    <button
      mat-button=""
      type="button"
    >
      OK
    </button>
  </mat-dialog-actions>
</ng-component>
`;
